LTspice 24.0.12 for Windows
Circuit: * C:\Users\Majharul Hoque\Documents\LTspice\BuckConverter.asc
Start Time: Sat Oct  5 00:21:18 2024
solver = Normal
Maximum thread count: 4



gatedriver: Missing value, assumed 0V @ DC
Direct Newton iteration for .op point succeeded.
.step freq=100



.step freq=125.892541179417



.step freq=158.489319246111



.step freq=199.526231496888



.step freq=251.188643150958



.step freq=316.227766016838



.step freq=398.107170553497



.step freq=501.187233627272



.step freq=630.957344480193



.step freq=794.328234724282



.step freq=1000



.step freq=1258.92541179417



.step freq=1584.89319246111



.step freq=1995.26231496888



.step freq=2511.88643150958



.step freq=3162.27766016838



.step freq=3981.07170553498



.step freq=5011.87233627273



.step freq=6309.57344480194



.step freq=7943.28234724282



.step freq=10000



.step freq=12589.2541179417



.step freq=15848.9319246111



.step freq=19952.6231496888



.step freq=25118.8643150958



.step freq=31622.7766016838



.step freq=39810.7170553498



.step freq=50118.7233627273



.step freq=63095.7344480194



.step freq=79432.8234724283



.step freq=100000



.step freq=125892.541179417



.step freq=158489.319246112
tnom = 27
temp = 27
method = modified trap
.step freq=199526.231496888

Fatal Error: A C++ exception with the error message "argument not found" was thrown during simulation, which indicates a bug in LTspice. Please report this incident.
